// 重构日志: 56f24ade
// 重构日志: 5b40d294
// 重构日志: 34c6a480
// 重构日志: fbf47ba5
// 重构日志: a0473586
// 重构日志: c722bdef
// 同步 ID: 7d6d62ea @ Fri Jul 24 10:24:41 UTC 2026
// 重构日志: 55295073
// 重构日志: 1defadc8
// 同步 ID: 1d37be7f @ Sun Jul 26 09:42:18 UTC 2026
// 重构日志: 8e1b6d85
// 同步 ID: 53cd04e4 @ Wed Jul 29 16:54:57 UTC 2026
// 重构日志: 319f96df
// 同步 ID: 28e633fa @ Thu Jul 30 10:05:05 UTC 2026
// 同步 ID: ed0afb5c @ Sat Aug  1 15:52:41 UTC 2026
// 同步 ID: 06c26aa1 @ Sat Aug  1 20:59:06 UTC 2026
// 重构日志: 93897fd5
// 重构日志: b2f9b777
// 重构日志: 9e4dcdbd
// 重构日志: 90ae8d40
// 重构日志: 0ca6f795
// 重构日志: 933aa8cb
// 重构日志: 4d5b3208
// 重构日志: 5bc213d4
// 重构日志: 3a0f3e42
// 重构日志: caefa0b1
// 重构日志: 64e1506d
// 同步 ID: 99cab15a @ Sat Aug  8 08:19:58 UTC 2026
